// Jest Snapshot v1, https://goo.gl/fbAQLP

exports[`MenuList component should match the MenuList 1`] = `
<div
  className="menu-table-col debate-class"
  onMouseLeave={[Function]}
>
  <div
    className="menu-table"
  >
    <Scrollbars
      autoHeight={false}
      autoHeightMax={200}
      autoHeightMin={0}
      autoHide={false}
      autoHideDuration={200}
      autoHideTimeout={1000}
      hideTracksWhenNotNeeded={false}
      renderThumbHorizontal={[Function]}
      renderThumbVertical={[Function]}
      renderTrackHorizontal={[Function]}
      renderTrackVertical={[Function]}
      renderView={[Function]}
      tagName="div"
      thumbMinSize={30}
      universal={false}
    >
      <Connect(DumbMenuItem)
        hasSubItems={false}
        identifier="survey"
        item={
          Object {
            "id": "foo",
            "parentId": "root",
          }
        }
        onClick={undefined}
        onMouseOver={[Function]}
        selected={false}
      />
      <Connect(DumbMenuItem)
        hasSubItems={false}
        identifier="survey"
        item={
          Object {
            "id": "bar",
            "parentId": "root",
          }
        }
        onClick={undefined}
        onMouseOver={[Function]}
        selected={false}
      />
    </Scrollbars>
  </div>
  
</div>
`;
