// Jest Snapshot v1, https://goo.gl/fbAQLP

exports[`PostBody component should render a post body 1`] = `
<div
  className="post-body"
>
  <Apollo(Connect(Component))
    afterLoad={[Function]}
    contentLocale="fr"
    id="XYZ333"
    lang="fr"
    originalLocale="en"
    translate={true}
  />
  <h3
    className="post-body-title dark-title-3"
  >
    <span>
      open-source Associate
    </span>
  </h3>
  <div
    className="post-body-content body"
  >
    <Html
      dbId={124}
      divRef={[Function]}
      extracts={Array []}
      onMouseUp={undefined}
      rawHtml="<p>You can't index the port without programming the wireless HTTP program!</p>"
      replacementComponents={
        Object {
          "a": [Function],
          "annotation": [Function],
          "iframe": [Function],
        }
      }
    />
  </div>
</div>
`;
