// Jest Snapshot v1, https://goo.gl/fbAQLP

exports[`Vote Session DumbPageForm component should render a form to update the vote session page title, subtitle, header, instructions' title, instructions and proposals section title 1`] = `
<div
  className="admin-box"
>
  <SectionTitle
    annotation="Missing translation: administration.annotation"
    title="Missing translation: administration.voteSession.0"
  />
  <div
    className="admin-content"
  >
    <div
      className="form-container"
    >
      <form>
        <Helper
          additionalTextClasses=""
          classname="title"
          helperText="Missing translation: administration.helpers.voteSessionHeader"
          helperUrl="/static2/img/helpers/helper1.png"
          label="Missing translation: administration.headerTitle"
        />
        <FormControlWithLabel
          label="Missing translation: administration.ph.headerTitle FR*"
          labelAlwaysVisible={false}
          onChange={[Function]}
          required={true}
          type="text"
          value="Phase de vote a la majorite et estimation multicritere"
        />
        <FormControlWithLabel
          label="Missing translation: administration.ph.headerSubtitle FR"
          labelAlwaysVisible={false}
          onChange={[Function]}
          type="text"
          value="La phase de vote est ouverte !"
        />
        <FormGroup
          bsClass="form-group"
        >
          <FileUploader
            fileOrUrl="http://www.example.com/documents/myimage/data"
            filename=""
            handleChange={[Function]}
            mimeType="image/jpeg"
            name="header-image"
            withPreview={true}
          />
        </FormGroup>
      </form>
      <div
        className="separator"
      />
      <Helper
        additionalTextClasses=""
        classname="title"
        helperText="Missing translation: administration.helpers.voteSessionInstructions"
        helperUrl="/static2/img/helpers/helper2.png"
        label="Missing translation: administration.instructions"
      />
      <FormControlWithLabel
        label="Missing translation: administration.ph.instructionsTitle FR*"
        labelAlwaysVisible={false}
        onChange={[Function]}
        type="text"
        value="Votez pour elire les 3 meilleures proppositions et leur alouer une estimation de cout!"
      />
      <FormControlWithLabel
        label="Missing translation: administration.ph.instructionsContent FR*"
        labelAlwaysVisible={false}
        onChange={[Function]}
        type="rich-text"
        value={
          Object {
            "blocks": Array [
              Object {
                "data": Object {},
                "depth": 0,
                "entityRanges": Array [],
                "inlineStyleRanges": Array [],
                "key": "",
                "text": "Vous disposez de 8 jetons favorables et de 3 jetons dÃ©favorables",
                "type": "unstyled",
              },
            ],
            "entityMap": Object {},
          }
        }
      />
      <div
        className="separator"
      />
      <Helper
        additionalTextClasses=""
        classname="title"
        helperText="Missing translation: administration.helpers.voteSessionPropositionSection"
        helperUrl="/static2/img/helpers/helper3.png"
        label="Missing translation: administration.propositionSectionTitle"
      />
      <FormControlWithLabel
        label="Missing translation: administration.ph.propositionSectionTitle FR*"
        labelAlwaysVisible={false}
        onChange={[Function]}
        required={true}
        type="text"
        value="Vote sur 8 propositions"
      />
    </div>
  </div>
</div>
`;
