// Jest Snapshot v1, https://goo.gl/fbAQLP

exports[`DumbTextGaugeForm component should render a form to set up a textual gauge 1`] = `
<div>
  Immutable.List [
    <div>
      <FormControlWithLabel
        componentClass={undefined}
        disabled={undefined}
        formControlProps={undefined}
        helperText={undefined}
        helperUrl=""
        id={undefined}
        label="Value title 1"
        labelAlwaysVisible={false}
        name={undefined}
        onChange={[Function]}
        required={true}
        type="text"
        validationErrors={undefined}
        value="contextually-based"
      />
    </div>,
    <div>
      <FormControlWithLabel
        componentClass={undefined}
        disabled={undefined}
        formControlProps={undefined}
        helperText={undefined}
        helperUrl=""
        id={undefined}
        label="Value title 2"
        labelAlwaysVisible={false}
        name={undefined}
        onChange={[Function]}
        required={true}
        type="text"
        validationErrors={undefined}
        value="Savings Account Knoll"
      />
    </div>,
  ]
</div>
`;
