// Jest Snapshot v1, https://goo.gl/fbAQLP

exports[`VoteProposalForm component should render an empty form to create a vote proposal without any checkbox below 1`] = `
<div
  className="form-container vote-proposal-form"
>
  <div
    className="pointer right"
  >
    <div
      className="inline"
    >
      
    </div>
  </div>
  <div
    className="title"
  >
    <Translate
      number={1}
      value="administration.voteProposals.defineProposal"
    />
  </div>
  <FormControlWithLabel
    label="Missing translation: administration.voteProposals.title"
    labelAlwaysVisible={false}
    onChange={[Function]}
    required={true}
    type="text"
    value={null}
  />
  <FormControlWithLabel
    label="Missing translation: administration.voteProposals.description"
    labelAlwaysVisible={false}
    onChange={[Function]}
    required={true}
    type="rich-text"
    value={null}
  />
  Immutable.List [
  ]
  Immutable.List [
  ]
  <div
    className="separator"
  />
</div>
`;
