// Jest Snapshot v1, https://goo.gl/fbAQLP

exports[`DumbTimeline component should match the DumbTimeline 1`] = `
<div
  className="timeline-container"
/>
`;
