// Jest Snapshot v1, https://goo.gl/fbAQLP

exports[`AtomicBlockRenderer component should render an image block 1`] = `
<div
  className="atomic-block"
  data-blocktype="atomic"
>
  <img
    alt=""
    className="attachment-image"
    src="http://www.example.com/foobar.jpg"
    title="Foobar"
  />
</div>
`;
