// Jest Snapshot v1, https://goo.gl/fbAQLP

exports[`Syntheses component should match Syntheses snapshot 1`] = `
<section
  className="themes-section"
>
  <div
    className="background-grey container-fluid"
  >
    <div
      className="max-container"
    >
      <div
        className="title-section"
      >
        <div>
          <div
            className="title-hyphen"
          >
             
          </div>
          <h1
            className="section-title section-title1 dark-title-1"
          >
            debate.syntheses
          </h1>
        </div>
      </div>
      <div
        className="content-section"
      >
        <div
          className="no-margin row"
        >
          <div
            className="theme clear theme-first-row-0 col-md-3 col-sm-6 col-xs-12"
          >
            <div
              className="illustration-box synthesis-preview"
            >
              <div
                className="image-box"
                style={
                  Object {
                    "backgroundImage": "url(http://foo.com/bar)",
                  }
                }
              />
              <a
                className="content-box"
                onClick={[Function]}
                style={Object {}}
              >
                <div
                  className="title-container center"
                >
                  <h3
                    className="light-title-3"
                  >
                    Foo
                  </h3>
                  <h4
                    className="light-title-4"
                  >
                    <span
                      className={undefined}
                      style={undefined}
                    >
                      For15amt2
                    </span>
                  </h4>
                </div>
              </a>
              <div
                className="color-box"
              >
                 
              </div>
              <div
                className="box-hyphen"
              >
                 
              </div>
              <div
                className="box-hyphen rotate-hyphen"
              >
                 
              </div>
            </div>
          </div>
          <div
            className="theme theme-first-row-1 col-md-3 col-sm-6 col-xs-12"
          >
            <div
              className="illustration-box synthesis-preview"
            >
              <div
                className="image-box"
                style={
                  Object {
                    "backgroundImage": "url(http://foo.com/bar)",
                  }
                }
              />
              <a
                className="content-box"
                onClick={[Function]}
                style={Object {}}
              >
                <div
                  className="title-container center"
                >
                  <h3
                    className="light-title-3"
                  >
                    Bar
                  </h3>
                  <h4
                    className="light-title-4"
                  >
                    <span
                      className={undefined}
                      style={undefined}
                    >
                      For15amt2
                    </span>
                  </h4>
                </div>
              </a>
              <div
                className="color-box"
              >
                 
              </div>
              <div
                className="box-hyphen"
              >
                 
              </div>
              <div
                className="box-hyphen rotate-hyphen"
              >
                 
              </div>
            </div>
          </div>
        </div>
      </div>
    </div>
  </div>
</section>
`;
