// Jest Snapshot v1, https://goo.gl/fbAQLP

exports[`harvestingBox component should match harvestingBox snapshot 1`] = `
<div
  className="theme-box harvesting-box active-box"
  id="harvesting-box-987643"
>
  <div
    className="harvesting-box-header"
  >
    <div
      className="harvesting-status"
    >
      <div
        className="validated-harvesting"
      >
        <span
          className="confirm-harvest-button assembl-icon-catch"
        />
        <div
          className="harvesting-status-label"
        >
          <div>
            <Translate
              value="harvesting.harvestSelection"
            />
          </div>
          <div>
            <Translate
              value="harvesting.validated"
            />
          </div>
        </div>
      </div>
    </div>
    <div
      className="button-bar"
    >
      <OverlayTrigger
        defaultOverlayShown={false}
        overlay={
          <Tooltip
            bsClass="tooltip"
            id="validateExtractTooltip"
            placement="right"
          >
            <Translate
              value="harvesting.validateExtract"
            />
          </Tooltip>
        }
        placement="top"
        trigger={
          Array [
            "hover",
            "focus",
          ]
        }
      >
        <Button
          active={false}
          block={false}
          bsClass="btn"
          bsStyle="default"
          className="active"
          disabled={false}
        >
          <span
            className="assembl-icon-check grey"
          />
        </Button>
      </OverlayTrigger>
      <OverlayTrigger
        defaultOverlayShown={false}
        overlay={
          <Tooltip
            bsClass="tooltip"
            id="editExtractTooltip"
            placement="right"
          >
            <Translate
              value="harvesting.editExtract"
            />
          </Tooltip>
        }
        placement="top"
        trigger={
          Array [
            "hover",
            "focus",
          ]
        }
      >
        <Button
          active={false}
          block={false}
          bsClass="btn"
          bsStyle="default"
          className=""
          disabled={false}
          onClick={[Function]}
        >
          <span
            className="assembl-icon-edit grey"
          />
        </Button>
      </OverlayTrigger>
      <OverlayTrigger
        defaultOverlayShown={false}
        overlay={
          <Tooltip
            bsClass="tooltip"
            id="deleteExtractTooltip"
            placement="right"
          >
            <Translate
              value="harvesting.deleteExtract"
            />
          </Tooltip>
        }
        placement="top"
        trigger={
          Array [
            "hover",
            "focus",
          ]
        }
      >
        <Button
          active={false}
          block={false}
          bsClass="btn"
          bsStyle="default"
          disabled={false}
          onClick={[Function]}
        >
          <span
            className="assembl-icon-delete grey"
          />
        </Button>
      </OverlayTrigger>
      <OverlayTrigger
        defaultOverlayShown={false}
        overlay={
          <Tooltip
            bsClass="tooltip"
            id="nuggetExtractTooltip"
            placement="right"
          >
            <Translate
              value="harvesting.nuggetExtract"
            />
          </Tooltip>
        }
        placement="top"
        trigger={
          Array [
            "hover",
            "focus",
          ]
        }
      >
        <Button
          active={false}
          block={false}
          bsClass="btn"
          bsStyle="default"
          className=""
          disabled={false}
          onClick={[Function]}
        >
          <span
            className="assembl-icon-pepite grey"
          />
        </Button>
      </OverlayTrigger>
      <OverlayTrigger
        defaultOverlayShown={false}
        overlay={
          <Tooltip
            bsClass="tooltip"
            id="qualifyExtractTooltip"
            placement="right"
          >
            <Translate
              value="harvesting.qualifyExtract"
            />
          </Tooltip>
        }
        placement="top"
        trigger={
          Array [
            "hover",
            "focus",
          ]
        }
      >
        <span
          className="assembl-icon-ellipsis-vert grey"
        />
      </OverlayTrigger>
    </div>
    <div
      className="profile"
    >
      <AvatarImage
        userId={31}
        userName="John Doe"
      />
      <div
        className="harvesting-infos"
      >
        <div
          className="username"
        >
          John Doe
        </div>
        <div
          className="harvesting-date"
          title="2018-03-29T16:28:27.324276+00:00"
        >
          il y a 5 jours
        </div>
      </div>
    </div>
  </div>
  <div
    className="harvesting-box-body"
  >
    <div>
      Hello world!
    </div>
  </div>
</div>
`;
