// Jest Snapshot v1, https://goo.gl/fbAQLP

exports[`harvestingAnchor component should match harvestingAnchor snapshot 1`] = `
<div
  className="harvesting-anchor"
  style={
    Object {
      "marginTop": "undefinedpx",
    }
  }
>
  <div
    className="left-side-harvesting-button"
  >
    <div
      className="left-side-harvesting-button__label"
    >
      <Translate
        value="harvesting.harvestSelection"
      />
    </div>
    <div
      className="left-side-harvesting-button__button"
      onClick={undefined}
      onMouseDown={undefined}
    >
      <div
        className="left-side-harvesting-button__button__inside"
      >
        <span
          className="confirm-harvest-button assembl-icon-catch"
        />
      </div>
    </div>
  </div>
</div>
`;
