// Jest Snapshot v1, https://goo.gl/fbAQLP

exports[`PhaseTitleForm component should render a form to update the phase's title 1`] = `
<div
  className="flex phase-title-form"
>
  <Translate
    className="phase-side-title"
    count={1}
    value="administration.timelineAdmin.phase"
  />
  <FormControlWithLabel
    componentClass={undefined}
    disabled={undefined}
    formControlProps={undefined}
    helperText=""
    helperUrl=""
    id={undefined}
    label="Phase title FR"
    labelAlwaysVisible={false}
    name={undefined}
    onChange={[Function]}
    required={true}
    type="text"
    validationErrors={undefined}
    value="Une phase intÃ©ressante"
  />
  <div
    className="flex"
  >
    <OverlayTrigger
      defaultOverlayShown={false}
      overlay={
        <Tooltip
          bsClass="tooltip"
          id="deletePhaseTooltip"
          placement="right"
        >
          <Translate
            value="administration.timelineAdmin.deletePhase"
          />
        </Tooltip>
      }
      placement="top"
      trigger={
        Array [
          "hover",
          "focus",
        ]
      }
    >
      <Button
        active={false}
        block={false}
        bsClass="btn"
        bsStyle="default"
        className="admin-icons"
        disabled={false}
        onClick={[Function]}
      >
        <span
          className="assembl-icon-delete grey"
        />
      </Button>
    </OverlayTrigger>
  </div>
</div>
`;
